Warning: Using a deprecated option --no-fallback from command line. No effect, no replacement available
Warning: Option 'FallbackThreshold' is deprecated and might be removed in a future release: It no longer has any effect, and no replacement is available. Please refer to the GraalVM release notes.
========================================================================================================================
GraalVM Native Image: Generating 'jrt-probe' (executable)...
========================================================================================================================
For detailed information and explanations on the build output, visit:
https://github.com/oracle/graal/blob/master/docs/reference-manual/native-image/BuildOutput.md
------------------------------------------------------------------------------------------------------------------------
[1/8] Initializing...                                                                                   (3.4s @ 0.56GiB)
 Builder configuration:
 - Java version: 25.0.4.1+1, vendor version: GraalVM CE 25.3.4.1+1.1
 - Graal compiler: optimization level: 2, target machine: x86-64-v3
 - C compiler: gcc (linux, x86_64, 13.3.0)
 - Assertions: disabled, system assertions: disabled
 Image configuration:
 - Garbage collector: Serial GC (max heap size: 80% of RAM)
 - Assertions: disabled (class-specific config may apply), system assertions: disabled
------------------------------------------------------------------------------------------------------------------------
Build resources:
 - 30.00GiB of memory (23.9% of system memory, capped at 30GiB)
 - 32 thread(s) (33.3% of 96 available processor(s), determined at start)
[2/8] Performing analysis...  [*****]                                                                   (3.0s @ 0.78GiB)
    3,484 types,   3,896 fields, and  16,179 methods found reachable
       85 types,      36 fields, and     326 methods registered for reflection
       58 types,      59 fields, and      52 methods registered for JNI access
       55 resource accesses registered with 171.30KiB total size
        5 native libraries: dl, m, pthread, rt, z
[3/8] Building universe...                                                                              (1.0s @ 0.47GiB)
[4/8] Parsing methods...      [*]                                                                       (0.6s @ 0.68GiB)
[5/8] Inlining methods...     [****]                                                                    (0.2s @ 0.80GiB)
[6/8] Compiling methods...    [**]                                                                      (3.6s @ 0.60GiB)
[7/8] Laying out methods...   [*]                                                                       (1.0s @ 0.57GiB)
[8/8] Creating image...       [*]                                                                       (1.0s @ 0.64GiB)
   4.56MiB (37.35%) for code area:     9,233 compilation units
   6.19MiB (50.70%) for image heap:   95,987 objects and 4 resources
   1.46MiB (11.94%) for other data
  12.20MiB in total image size, 11.31MiB in total file size
------------------------------------------------------------------------------------------------------------------------
Top 10 origins of code area:                                Top 10 object types in image heap:
 699.06KiB java.base/java.util                                 1.29MiB byte[] for code metadata
 333.99KiB java.base/java.lang                                 1.22MiB byte[] for string data
 235.89KiB java.base/java.text                               728.02KiB java.base/java.lang.String
 195.31KiB java.base/java.util.concurrent                    409.66KiB java.base/java.lang.Class
 193.70KiB java.base/java.util.regex                         381.06KiB o.g.n.runtime/c.o.s.core.hub.DynamicHubCompanion
 184.22KiB java.base/java.util.stream                        373.13KiB heap alignment
 151.51KiB o.g.n.runtime/com.oracle.svm.core.genscavenge     322.91KiB byte[] for general heap data
 141.53KiB java.base/java.math                               220.06KiB java.base/java.lang.Object[]
 128.49KiB o.g.n.runtime/com.oracle.svm.core.code            171.37KiB byte[] for embedded resources
 116.58KiB java.base/java.time.format                        147.08KiB java.base/char[]
   2.23MiB for 154 more packages                               0.99MiB for 1027 more object types
------------------------------------------------------------------------------------------------------------------------
Recommendations:
 FUTR: Use '--future-defaults=all' to prepare for future releases.
 HEAP: Set max heap for improved and more predictable memory usage.
 CPU:  Enable more CPU features with '-march=native' for improved performance.
------------------------------------------------------------------------------------------------------------------------
                       1.2s (7.8% of total time) in 39 GCs | Peak RSS: 1.95GiB | CPU load: 23.06
------------------------------------------------------------------------------------------------------------------------
Build artifacts:
 /workspaces/scala3-graal-native-image/repro-8371/probe/jrt-probe (executable, 11.31MiB)
========================================================================================================================
Finished generating 'jrt-probe' in 14.5s.

The build process encountered 2 warnings.

