Warning: Using a deprecated option --no-fallback from command line. No effect, no replacement available
Warning: Option 'FallbackThreshold' is deprecated and might be removed in a future release: It no longer has any effect, and no replacement is available. Please refer to the GraalVM release notes.
========================================================================================================================
GraalVM Native Image: Generating 'scalac-native' (executable)...
========================================================================================================================
For detailed information and explanations on the build output, visit:
https://github.com/oracle/graal/blob/master/docs/reference-manual/native-image/BuildOutput.md
------------------------------------------------------------------------------------------------------------------------
[1/8] Initializing...                                                                                   (4.1s @ 0.29GiB)
 Builder configuration:
 - Java version: 25.0.4.1+1, vendor version: GraalVM CE 25.3.4.1+1.1
 - Graal compiler: optimization level: 2, target machine: x86-64-v3
 - C compiler: gcc (linux, x86_64, 13.3.0)
 - Assertions: disabled, system assertions: disabled
 Image configuration:
 - Garbage collector: Serial GC (max heap size: 80% of RAM)
 - Assertions: disabled (class-specific config may apply), system assertions: disabled
------------------------------------------------------------------------------------------------------------------------
Build resources:
 - 24.00GiB of memory (19.1% of system memory, set via '-Xmx24g')
 - 32 thread(s) (33.3% of 96 available processor(s), set via '--parallelism=32')
[2/8] Performing analysis...  [*****]                                                                   (9.2s @ 2.07GiB)
   20,307 types,  32,385 fields, and 102,545 methods found reachable
      491 types,     254 fields, and     670 methods registered for reflection
       59 types,      60 fields, and      52 methods registered for JNI access
       58 resource accesses registered with 171.71KiB total size
        5 native libraries: dl, m, pthread, rt, z
[3/8] Building universe...                                                                              (3.3s @ 2.58GiB)
[4/8] Parsing methods...      [**]                                                                      (2.4s @ 1.97GiB)
[5/8] Inlining methods...     [***]                                                                     (0.8s @ 1.80GiB)
[6/8] Compiling methods...    [***]                                                                     (7.6s @ 2.56GiB)
[7/8] Laying out methods...   [***]                                                                     (7.6s @ 2.91GiB)
[8/8] Creating image...       [**]                                                                      (3.4s @ 3.09GiB)
  31.15MiB (47.20%) for code area:    59,933 compilation units
  29.44MiB (44.60%) for image heap:  327,982 objects and 7 resources
   5.41MiB ( 8.19%) for other data
  66.00MiB in total image size, 61.25MiB in total file size
------------------------------------------------------------------------------------------------------------------------
Top 10 origins of code area:                                Top 10 object types in image heap:
   2.72MiB dotty.tools.dotc.core                              10.64MiB byte[] for code metadata
   2.56MiB dotty.tools.dotc.typer                              5.19MiB byte[] for string data
   2.45MiB dotty.tools.dotc.transform                          3.22MiB java.base/java.lang.Class
   1.02MiB dotty.tools.dotc.reporting                          2.54MiB java.base/java.lang.String
   1.00MiB dotty.tools.dotc.cc                                 2.17MiB o.g.n.runtime/c.o.s.core.hub.DynamicHubCompanion
 942.87KiB dotty.tools.dotc.ast                                1.30MiB byte[] for reflection metadata
 921.00KiB dotty.tools.backend.jvm                           951.91KiB byte[] for general heap data
 881.01KiB scala.collection.immutable                        558.38KiB heap alignment
 856.54KiB java.base/java.util                               371.67KiB java.base/java.lang.String[]
 765.62KiB dotty.tools.dotc.parsing                          348.22KiB java.base/java.lang.Object[]
  17.14MiB for 266 more packages                               2.20MiB for 3735 more object types
------------------------------------------------------------------------------------------------------------------------
Recommendations:
 FUTR: Use '--future-defaults=all' to prepare for future releases.
 HEAP: Set max heap for improved and more predictable memory usage.
 CPU:  Enable more CPU features with '-march=native' for improved performance.
------------------------------------------------------------------------------------------------------------------------
                       3.4s (8.4% of total time) in 104 GCs | Peak RSS: 5.37GiB | CPU load: 20.16
------------------------------------------------------------------------------------------------------------------------
Build artifacts:
 /workspaces/scala3-graal-native-image/repro-8371/scalac-native (executable, 61.25MiB)
========================================================================================================================
Finished generating 'scalac-native' in 40.0s.

The build process encountered 2 warnings.

