Warning: Using a deprecated option --no-fallback from command line. No effect, no replacement available
Warning: Option 'FallbackThreshold' is deprecated and might be removed in a future release: It no longer has any effect, and no replacement is available. Please refer to the GraalVM release notes.
========================================================================================================================
GraalVM Native Image: Generating 'scalac-native-rcl' (executable)...
========================================================================================================================
For detailed information and explanations on the build output, visit:
https://github.com/oracle/graal/blob/master/docs/reference-manual/native-image/BuildOutput.md
------------------------------------------------------------------------------------------------------------------------
[1/8] Initializing...                                                                                   (4.0s @ 0.61GiB)
 Builder configuration:
 - Java version: 25.0.4.1+1, vendor version: GraalVM CE 25.3.4.1+1.1
 - Graal compiler: optimization level: 2, target machine: x86-64-v3
 - C compiler: gcc (linux, x86_64, 13.3.0)
 - Assertions: disabled, system assertions: disabled
 Image configuration:
 - Garbage collector: Serial GC (max heap size: 80% of RAM)
 - Assertions: disabled (class-specific config may apply), system assertions: disabled
------------------------------------------------------------------------------------------------------------------------
 1 experimental option(s) unlocked:
 - '-H:+RuntimeClassLoading' (origin(s): command line)
------------------------------------------------------------------------------------------------------------------------
Build resources:
 - 24.00GiB of memory (19.1% of system memory, set via '-Xmx24g')
 - 24 thread(s) (25.0% of 96 available processor(s), set via '--parallelism=24')
[2/8] Performing analysis...  [**********]                                                             (16.1s @ 5.48GiB)
   22,580 types,  35,324 fields, and 118,141 methods found reachable
      524 types,     512 fields, and     849 methods registered for reflection
       63 types,      65 fields, and      55 methods registered for JNI access
       58 resource accesses registered with 171.71KiB total size
        5 native libraries: dl, m, pthread, rt, z
[3/8] Building universe...                                                                              (3.6s @ 5.93GiB)
[4/8] Parsing methods...      [**]                                                                      (3.4s @ 5.65GiB)
[5/8] Inlining methods...     [***]                                                                     (0.9s @ 5.78GiB)
[6/8] Compiling methods...    [***]                                                                    (10.2s @ 3.69GiB)
[7/8] Laying out methods...   [***]                                                                     (9.6s @ 3.90GiB)
[8/8] Creating image...       [****]                                                                   (13.0s @ 4.38GiB)
  45.94MiB (29.42%) for code area:    81,396 compilation units
 102.94MiB (65.92%) for image heap:2,042,133 objects and 7 resources
   7.27MiB ( 4.65%) for other data
 156.15MiB in total image size, 149.69MiB in total file size
------------------------------------------------------------------------------------------------------------------------
Top 10 origins of code area:                                Top 10 object types in image heap:
   3.42MiB dotty.tools.dotc.core                              18.20MiB o.g.n.runtime/c.o.s.i.m.Interpreter~edJavaMethod
   3.08MiB dotty.tools.dotc.typer                             14.83MiB byte[] for code metadata
   2.88MiB dotty.tools.dotc.transform                         10.06MiB java.base/int[]
   1.40MiB java.base/java.util                                 8.48MiB byte[] for general heap data
   1.24MiB dotty.tools.dotc.cc                                 6.38MiB java.base/java.lang.Class
   1.21MiB scala.collection.immutable                          6.18MiB byte[] for string data
   1.19MiB dotty.tools.dotc.ast                                4.55MiB o.g.n.runtime/c.o.s.i.metadata.ReferenceConstant
   1.15MiB dotty.tools.dotc.reporting                          3.92MiB o.g.n.runtime/c.o.s.i.m.Interpreter~JavaMethod[]
   1.08MiB dotty.tools.backend.jvm                             3.35MiB j.i.vm.ci/jdk.vm.ci.meta.LineNumberTable
 988.59KiB dotty.tools.dotc.parsing                            3.03MiB java.base/java.lang.String
  28.34MiB for 317 more packages                              23.97MiB for 4370 more object types
------------------------------------------------------------------------------------------------------------------------
Recommendations:
 FUTR: Use '--future-defaults=all' to prepare for future releases.
 HEAP: Set max heap for improved and more predictable memory usage.
 CPU:  Enable more CPU features with '-march=native' for improved performance.
------------------------------------------------------------------------------------------------------------------------
                       5.2s (8.0% of total time) in 66 GCs | Peak RSS: 9.07GiB | CPU load: 15.21
------------------------------------------------------------------------------------------------------------------------
Build artifacts:
 /workspaces/scala3-graal-native-image/repro-8371/scalac-native-rcl (executable, 149.69MiB)
========================================================================================================================
Finished generating 'scalac-native-rcl' in 1m 4s.

The build process encountered 2 warnings.

