Warning: Using a deprecated option --no-fallback from command line. No effect, no replacement available
OpenJDK 64-Bit Server VM warning: Max heap size too large for Compressed Oops
Warning: Option 'FallbackThreshold' is deprecated and might be removed in a future release: It no longer has any effect, and no replacement is available. Please refer to the GraalVM release notes.
Warning: This image build includes all classes from the classpath and the JDK via the -H:Preserve=all option. This will lead to noticeably bigger images and increased startup times.
If you notice '--initialize-at-build-time' related errors during the build, this is because unanticipated types ended up in the image heap. The cause is one of the libraries on the classpath does not handle correctly when all elements are included in the image.
If this happens, please open an issue for the library whose field was containing forbidden types and correct the '--initialize-at-build-time' configuration for your build.

========================================================================================================================
GraalVM Native Image: Generating 'scalac-native-rcl-all' (executable)...
========================================================================================================================
For detailed information and explanations on the build output, visit:
https://github.com/oracle/graal/blob/master/docs/reference-manual/native-image/BuildOutput.md
------------------------------------------------------------------------------------------------------------------------
[1/8] Initializing...                                                                                  (20.7s @ 1.75GiB)
 Builder configuration:
 - Java version: 25.0.4.1+1, vendor version: GraalVM CE 25.3.4.1+1.1
 - Graal compiler: optimization level: 2, target machine: x86-64-v3
 - C compiler: gcc (linux, x86_64, 13.3.0)
 - Assertions: disabled, system assertions: disabled
 Image configuration:
 - Garbage collector: Serial GC (max heap size: 80% of RAM)
 - Assertions: disabled (class-specific config may apply), system assertions: disabled
------------------------------------------------------------------------------------------------------------------------
 2 experimental option(s) unlocked:
 - '-H:Preserve' (origin(s): command line)
 - '-H:+RuntimeClassLoading' (origin(s): command line)
------------------------------------------------------------------------------------------------------------------------
Build resources:
 - 48.00GiB of memory (38.3% of system memory, set via '-Xmx48g')
 - 48 thread(s) (50.0% of 96 available processor(s), set via '--parallelism=48')
