Warning: Using a deprecated option --no-fallback from command line. No effect, no replacement available
Warning: Option 'FallbackThreshold' is deprecated and might be removed in a future release: It no longer has any effect, and no replacement is available. Please refer to the GraalVM release notes.
========================================================================================================================
GraalVM Native Image: Generating 'scalac-native-rcl2' (executable)...
========================================================================================================================
For detailed information and explanations on the build output, visit:
https://github.com/oracle/graal/blob/master/docs/reference-manual/native-image/BuildOutput.md
------------------------------------------------------------------------------------------------------------------------
[1/8] Initializing...                                                                                   (4.4s @ 0.64GiB)
 Builder configuration:
 - Java version: 25.0.4.1+1, vendor version: GraalVM CE 25.3.4.1+1.1
 - Graal compiler: optimization level: 2, target machine: x86-64-v3
 - C compiler: gcc (linux, x86_64, 13.3.0)
 - Assertions: disabled, system assertions: disabled
 Image configuration:
 - Garbage collector: Serial GC (max heap size: 80% of RAM)
 - Assertions: disabled (class-specific config may apply), system assertions: disabled
------------------------------------------------------------------------------------------------------------------------
 1 experimental option(s) unlocked:
 - '-H:+RuntimeClassLoading' (origin(s): command line)
------------------------------------------------------------------------------------------------------------------------
Build resources:
 - 24.00GiB of memory (19.1% of system memory, set via '-Xmx24g')
 - 24 thread(s) (25.0% of 96 available processor(s), set via '--parallelism=24')
[2/8] Performing analysis...  [**********]                                                             (18.7s @ 5.08GiB)
   25,820 types,  35,670 fields, and 120,602 methods found reachable
    9,501 types,     512 fields, and     856 methods registered for reflection
       63 types,      65 fields, and      55 methods registered for JNI access
       59 resource accesses registered with 171.75KiB total size
        5 native libraries: dl, m, pthread, rt, z
[3/8] Building universe...                                                                              (4.3s @ 4.52GiB)
[4/8] Parsing methods...      [**]                                                                      (4.6s @ 6.62GiB)
[5/8] Inlining methods...     [***]                                                                     (0.9s @ 5.56GiB)
[6/8] Compiling methods...    [***]                                                                    (10.2s @ 4.92GiB)
[7/8] Laying out methods...   [***]                                                                    (10.8s @ 5.00GiB)
[8/8] Creating image...       [****]                                                                   (15.8s @ 3.51GiB)
  46.29MiB (25.83%) for code area:    82,548 compilation units
 125.63MiB (70.09%) for image heap:2,383,294 objects and 8 resources
   7.31MiB ( 4.08%) for other data
 179.23MiB in total image size, 172.69MiB in total file size
------------------------------------------------------------------------------------------------------------------------
Top 10 origins of code area:                                Top 10 object types in image heap:
   3.42MiB dotty.tools.dotc.core                              21.09MiB o.g.n.runtime/c.o.s.i.m.Interpreter~edJavaMethod
   3.08MiB dotty.tools.dotc.typer                             14.94MiB byte[] for code metadata
   2.88MiB dotty.tools.dotc.transform                         10.92MiB java.base/int[]
   1.40MiB java.base/java.util                                 9.43MiB byte[] for reflection metadata
   1.34MiB scala.collection.immutable                          9.37MiB byte[] for general heap data
   1.24MiB dotty.tools.dotc.cc                                 9.15MiB byte[] for string data
   1.19MiB dotty.tools.dotc.ast                                7.31MiB java.base/java.lang.Class
   1.15MiB dotty.tools.dotc.reporting                          5.27MiB o.g.n.runtime/c.o.s.i.metadata.ReferenceConstant
   1.08MiB dotty.tools.backend.jvm                             4.51MiB o.g.n.runtime/c.o.s.i.m.Interpreter~JavaMethod[]
 988.59KiB dotty.tools.dotc.parsing                            4.10MiB java.base/java.lang.String
  28.54MiB for 324 more packages                              29.53MiB for 4395 more object types
------------------------------------------------------------------------------------------------------------------------
Recommendations:
 FUTR: Use '--future-defaults=all' to prepare for future releases.
 HEAP: Set max heap for improved and more predictable memory usage.
 CPU:  Enable more CPU features with '-march=native' for improved performance.
------------------------------------------------------------------------------------------------------------------------
                       5.7s (7.7% of total time) in 53 GCs | Peak RSS: 10.04GiB | CPU load: 14.48
------------------------------------------------------------------------------------------------------------------------
Build artifacts:
 /workspaces/scala3-graal-native-image/repro-8371/scalac-native-rcl2 (executable, 172.69MiB)
========================================================================================================================
Finished generating 'scalac-native-rcl2' in 1m 13s.

The build process encountered 2 warnings.

