Warning: Using a deprecated option --no-fallback from command line. No effect, no replacement available
Warning: Option 'FallbackThreshold' is deprecated and might be removed in a future release: It no longer has any effect, and no replacement is available. Please refer to the GraalVM release notes.
========================================================================================================================
GraalVM Native Image: Generating 'scalac-native-macro' (executable)...
========================================================================================================================
For detailed information and explanations on the build output, visit:
https://github.com/oracle/graal/blob/master/docs/reference-manual/native-image/BuildOutput.md
------------------------------------------------------------------------------------------------------------------------
[1/8] Initializing...                                                                                   (4.1s @ 0.34GiB)
 Builder configuration:
 - Java version: 25.0.4.1+1, vendor version: GraalVM CE 25.3.4.1+1.1
 - Graal compiler: optimization level: 2, target machine: x86-64-v3
 - C compiler: gcc (linux, x86_64, 13.3.0)
 - Assertions: disabled, system assertions: disabled
 Image configuration:
 - Garbage collector: Serial GC (max heap size: 80% of RAM)
 - Assertions: disabled (class-specific config may apply), system assertions: disabled
------------------------------------------------------------------------------------------------------------------------
Build resources:
 - 24.00GiB of memory (19.1% of system memory, set via '-Xmx24g')
 - 32 thread(s) (33.3% of 96 available processor(s), set via '--parallelism=32')
[2/8] Performing analysis...  [*****]                                                                   (9.6s @ 2.32GiB)
   20,480 types,  32,500 fields, and 102,653 methods found reachable
      506 types,     591 fields, and     672 methods registered for reflection
       59 types,      60 fields, and      52 methods registered for JNI access
       58 resource accesses registered with 171.71KiB total size
        5 native libraries: dl, m, pthread, rt, z
[3/8] Building universe...                                                                              (4.2s @ 1.78GiB)
[4/8] Parsing methods...      [**]                                                                      (2.4s @ 2.24GiB)
[5/8] Inlining methods...     [***]                                                                     (0.8s @ 2.57GiB)
[6/8] Compiling methods...    [***]                                                                     (7.8s @ 2.60GiB)
[7/8] Laying out methods...   [***]                                                                     (7.6s @ 2.74GiB)
[8/8] Creating image...       [**]                                                                      (3.7s @ 2.87GiB)
  31.12MiB (47.04%) for code area:    60,258 compilation units
  29.63MiB (44.79%) for image heap:  332,738 objects and 7 resources
   5.40MiB ( 8.17%) for other data
  66.15MiB in total image size, 61.38MiB in total file size
------------------------------------------------------------------------------------------------------------------------
Top 10 origins of code area:                                Top 10 object types in image heap:
   2.72MiB dotty.tools.dotc.core                              10.67MiB byte[] for code metadata
   2.56MiB dotty.tools.dotc.typer                              5.28MiB byte[] for string data
   2.45MiB dotty.tools.dotc.transform                          3.24MiB java.base/java.lang.Class
   1.02MiB dotty.tools.dotc.reporting                          2.59MiB java.base/java.lang.String
   1.00MiB dotty.tools.dotc.cc                                 2.19MiB o.g.n.runtime/c.o.s.core.hub.DynamicHubCompanion
 943.05KiB dotty.tools.dotc.ast                                1.45MiB byte[] for reflection metadata
 921.00KiB dotty.tools.backend.jvm                             0.99MiB byte[] for general heap data
 881.01KiB scala.collection.immutable                        378.33KiB java.base/java.lang.String[]
 856.90KiB java.base/java.util                               354.83KiB java.base/java.lang.Object[]
 765.62KiB dotty.tools.dotc.parsing                          315.91KiB heap alignment
  17.11MiB for 269 more packages                               2.20MiB for 3737 more object types
------------------------------------------------------------------------------------------------------------------------
Recommendations:
 FUTR: Use '--future-defaults=all' to prepare for future releases.
 HEAP: Set max heap for improved and more predictable memory usage.
 CPU:  Enable more CPU features with '-march=native' for improved performance.
------------------------------------------------------------------------------------------------------------------------
                       3.6s (8.5% of total time) in 160 GCs | Peak RSS: 4.70GiB | CPU load: 19.69
------------------------------------------------------------------------------------------------------------------------
Build artifacts:
 /workspaces/scala3-graal-native-image/repro-8371/scalac-native-macro (executable, 61.38MiB)
========================================================================================================================
Finished generating 'scalac-native-macro' in 41.8s.

The build process encountered 2 warnings.

